#-----------------------------------------------------------
# PlanAhead v14.7 (64-bit)
# Build 321239 by xbuild on Fri Sep 27 19:24:36 MDT 2013
# Start of session at: Tue Oct 18 14:32:31 2022
# Process ID: 4216
# Log file: /home/ise/Desktop/Practica_Multiplicador/planAhead_run_1/planAhead.log
# Journal file: /home/ise/Desktop/Practica_Multiplicador/planAhead_run_1/planAhead.jou
#-----------------------------------------------------------
start_gui
source /home/ise/Desktop/Practica_Multiplicador/pa.fromHdl.tcl
update_compile_order -fileset sim_1
startgroup
set_property package_pin L13 [get_ports A0]
endgroup
startgroup
set_property package_pin L14 [get_ports A1]
endgroup
startgroup
set_property package_pin H18 [get_ports A2]
endgroup
startgroup
set_property package_pin N17 [get_ports B0]
endgroup
startgroup
set_property package_pin D18 [get_ports B1]
endgroup
startgroup
set_property package_pin K17 [get_ports B2]
endgroup
startgroup
set_property package_pin H13 [get_ports C0]
endgroup
startgroup
set_property package_pin F12 [get_ports C1]
endgroup
startgroup
set_property package_pin E12 [get_ports C2]
endgroup
startgroup
set_property package_pin E11 [get_ports C3]
endgroup
startgroup
set_property package_pin F11 [get_ports C4]
endgroup
startgroup
set_property package_pin C11 [get_ports C5]
endgroup
save_constraints
